../Core/Src/oled_SC2104D.c:17:6:OLED_WR_Byte	24	static
../Core/Src/oled_SC2104D.c:44:6:OLED_Refresh_Gram	16	static
../Core/Src/oled_SC2104D.c:59:6:OLED_Clear	16	static
../Core/Src/oled_SC2104D.c:69:6:OLED_Display_On	8	static
../Core/Src/oled_SC2104D.c:78:6:OLED_Display_Off	8	static
../Core/Src/oled_SC2104D.c:88:6:OLED_DrawPoint	24	static
../Core/Src/oled_SC2104D.c:101:6:OLED_ShowChar	32	static
../Core/Src/oled_SC2104D.c:126:10:oled_pow	24	static
../Core/Src/oled_SC2104D.c:136:6:OLED_ShowNumber	40	static
../Core/Src/oled_SC2104D.c:158:6:OLED_ShowString	24	static
../Core/Src/oled_SC2104D.c:172:6:OLED_Init	8	static
